npx : FAIL tests/serial-service-manager.test.js
At line:1 char:1
+ npx jest --verbose > test_output.txt 2>&1
+ ~~~~~~~~~~~~~~~~~~~~~~~~~~~~~~~~~~~~~~~~~
    + CategoryInfo          : NotSpecified: (FAIL tes 
   ts/seri...manager.test.js:String) [], RemoteExcep  
  tion
    + FullyQualifiedErrorId : NativeCommandError
 
  SerialServiceManager
    Constructor
      鈭?should initialize with empty services map (3 m
s)
    getService
      鈭?should return null for non-existent tab (1 ms)
      鈭?should return service data for existing tab (2
 ms)
    getConfig
      鈭?should return null for non-existent tab
      鈭?should return config for existing tab (1 ms)
    getTabInfo
      鈭?should return null for non-existent tab (1 ms)
      鈭?should return tab info for existing tab
    getAllTabInfos
      鈭?should return empty array when no tabs exist (
1 ms)
      鈭?should return info for all tabs (1 ms)
    isConnected
      鈭?should return false for non-existent tab (3 ms
)
      鈭?should return connection status for existing t
ab
    updateTabName
      鈭?should return false for non-existent tab
      鈭?should update tab name for existing tab (1 ms)
    write
      鈭?should throw error for non-existent tab (18 ms
)
      鈭?should write data to service
    onData and offData
      鈭?should do nothing for non-existent tab
      鈭?should register data listener (1 ms)
      鈭?should unregister data listener
    onError and offError
      鈭?should register error listener
      鈭?should unregister error listener (1 ms)
    closeConnection
      鈭?should return false for non-existent tab (1 ms
)
      脳 should close connection and remove service (2 
ms)
    closeAll
      鈭?should close all services and clear map (1 ms)

  鈼?SerialServiceManager 鈥?closeConnection 鈥?should cl
ose connection and remove service

    expect(received).toBe(expected) // Object.is equal
ity

    Expected: false
    Received: true

    [0m [90m 262 |[39m
     [90m 263 |[39m             expect([36mawait[3
9m manager[33m.[39mcloseConnection([32m'test-tab'[
39m))[33m.[39mtoBe([36mtrue[39m)[33m;[39m
    [31m[1m>[22m[39m[90m 264 |[39m             e
xpect(manager[33m.[39mservices[33m.[39mhas([32m't
est-tab'[39m))[33m.[39mtoBe([36mfalse[39m)[33m;
[39m
     [90m     |[39m                                 
                     [31m[1m^[22m[39m
     [90m 265 |[39m             expect(mockService[
33m.[39mclose)[33m.[39mtoHaveBeenCalled()[33m;[39
m
     [90m 266 |[39m         })[33m;[39m
     [90m 267 |[39m     })[33m;[39m[0m

      at Object.toBe (tests/serial-service-manager.tes
t.js:264:54)

PASS tests/serial-service.test.js
  SerialService
    Constructor
      鈭?should create service with default config (3 m
s)
      鈭?should have empty listeners arrays (1 ms)
      鈭?should have logging disabled by default (1 ms)
    getDefaultConfig
      鈭?should return default serial port configuratio
n
    setConfig and getConfig
      鈭?should merge config with existing config
      鈭?should get current config (1 ms)
    isOpen
      鈭?should return falsy when port is not open
    Event listeners
      鈭?should add data listener (1 ms)
      鈭?should add error listener
      鈭?should remove data listener
      鈭?should remove error listener
      鈭?should emit data to all listeners
      鈭?should emit error to all listeners (1 ms)
    write
      鈭?should throw error when port is not open (15 m
s)
    getLoggingStatus
      鈭?should return logging status (1 ms)
    close
      鈭?should close successfully when port is not ope
n

Test Suites: 1 failed, 1 passed, 2 total
Tests:       1 failed, 38 passed, 39 total
Snapshots:   0 total
Time:        0.928 s, estimated 1 s
Ran all test suites.
